// Jest Snapshot v1, https://goo.gl/fbAQLP

exports[`Vision renders correctly 1`] = `
{
  "asFragment": [Function],
  "baseElement": <body>
    <div>
      <div
        class="px-20 mt-6"
      >
        <div>
          <h1
            class="text-2xl font-semibold text-center mt-6"
          >
            mockTranslate(VISION)
          </h1>
          <div
            class="flex items-start"
          >
            <p
              class="mt-5 text-lg px-5"
            >
              mockTranslate(VISION_DESCRIPTION)
            </p>
            <div>
              <img
                alt="vision"
                class="w-[350rem] h-80 mt-5"
                src="vision.png"
              />
            </div>
          </div>
        </div>
      </div>
    </div>
  </body>,
  "container": <div>
    <div
      class="px-20 mt-6"
    >
      <div>
        <h1
          class="text-2xl font-semibold text-center mt-6"
        >
          mockTranslate(VISION)
        </h1>
        <div
          class="flex items-start"
        >
          <p
            class="mt-5 text-lg px-5"
          >
            mockTranslate(VISION_DESCRIPTION)
          </p>
          <div>
            <img
              alt="vision"
              class="w-[350rem] h-80 mt-5"
              src="vision.png"
            />
          </div>
        </div>
      </div>
    </div>
  </div>,
  "debug": [Function],
  "findAllByAltText": [Function],
  "findAllByDisplayValue": [Function],
  "findAllByLabelText": [Function],
  "findAllByPlaceholderText": [Function],
  "findAllByRole": [Function],
  "findAllByTestId": [Function],
  "findAllByText": [Function],
  "findAllByTitle": [Function],
  "findByAltText": [Function],
  "findByDisplayValue": [Function],
  "findByLabelText": [Function],
  "findByPlaceholderText": [Function],
  "findByRole": [Function],
  "findByTestId": [Function],
  "findByText": [Function],
  "findByTitle": [Function],
  "getAllByAltText": [Function],
  "getAllByDisplayValue": [Function],
  "getAllByLabelText": [Function],
  "getAllByPlaceholderText": [Function],
  "getAllByRole": [Function],
  "getAllByTestId": [Function],
  "getAllByText": [Function],
  "getAllByTitle": [Function],
  "getByAltText": [Function],
  "getByDisplayValue": [Function],
  "getByLabelText": [Function],
  "getByPlaceholderText": [Function],
  "getByRole": [Function],
  "getByTestId": [Function],
  "getByText": [Function],
  "getByTitle": [Function],
  "queryAllByAltText": [Function],
  "queryAllByDisplayValue": [Function],
  "queryAllByLabelText": [Function],
  "queryAllByPlaceholderText": [Function],
  "queryAllByRole": [Function],
  "queryAllByTestId": [Function],
  "queryAllByText": [Function],
  "queryAllByTitle": [Function],
  "queryByAltText": [Function],
  "queryByDisplayValue": [Function],
  "queryByLabelText": [Function],
  "queryByPlaceholderText": [Function],
  "queryByRole": [Function],
  "queryByTestId": [Function],
  "queryByText": [Function],
  "queryByTitle": [Function],
  "rerender": [Function],
  "unmount": [Function],
}
`;
