// Jest Snapshot v1, https://goo.gl/fbAQLP

exports[`Comments renders correctly 1`] = `
{
  "asFragment": [Function],
  "baseElement": <body>
    <div>
      <section
        class="bg-white p-4 mb-3 rounded-lg shadow-sm"
      >
        <div
          class="flex justify-between items-center mb-2"
        >
          <div
            class="flex items-center"
          >
            <img
              class="mr-2 w-8 h-8 rounded-full"
              src=""
            />
            <p
              class="text-sm text-gray-900 font-semibold"
            />
          </div>
          <p
            class="text-sm text-gray-600"
          />
        </div>
        <div
          class="mt-2"
        >
          <p
            class="text-gray-700"
          />
        </div>
      </section>
    </div>
  </body>,
  "container": <div>
    <section
      class="bg-white p-4 mb-3 rounded-lg shadow-sm"
    >
      <div
        class="flex justify-between items-center mb-2"
      >
        <div
          class="flex items-center"
        >
          <img
            class="mr-2 w-8 h-8 rounded-full"
            src=""
          />
          <p
            class="text-sm text-gray-900 font-semibold"
          />
        </div>
        <p
          class="text-sm text-gray-600"
        />
      </div>
      <div
        class="mt-2"
      >
        <p
          class="text-gray-700"
        />
      </div>
    </section>
  </div>,
  "debug": [Function],
  "findAllByAltText": [Function],
  "findAllByDisplayValue": [Function],
  "findAllByLabelText": [Function],
  "findAllByPlaceholderText": [Function],
  "findAllByRole": [Function],
  "findAllByTestId": [Function],
  "findAllByText": [Function],
  "findAllByTitle": [Function],
  "findByAltText": [Function],
  "findByDisplayValue": [Function],
  "findByLabelText": [Function],
  "findByPlaceholderText": [Function],
  "findByRole": [Function],
  "findByTestId": [Function],
  "findByText": [Function],
  "findByTitle": [Function],
  "getAllByAltText": [Function],
  "getAllByDisplayValue": [Function],
  "getAllByLabelText": [Function],
  "getAllByPlaceholderText": [Function],
  "getAllByRole": [Function],
  "getAllByTestId": [Function],
  "getAllByText": [Function],
  "getAllByTitle": [Function],
  "getByAltText": [Function],
  "getByDisplayValue": [Function],
  "getByLabelText": [Function],
  "getByPlaceholderText": [Function],
  "getByRole": [Function],
  "getByTestId": [Function],
  "getByText": [Function],
  "getByTitle": [Function],
  "queryAllByAltText": [Function],
  "queryAllByDisplayValue": [Function],
  "queryAllByLabelText": [Function],
  "queryAllByPlaceholderText": [Function],
  "queryAllByRole": [Function],
  "queryAllByTestId": [Function],
  "queryAllByText": [Function],
  "queryAllByTitle": [Function],
  "queryByAltText": [Function],
  "queryByDisplayValue": [Function],
  "queryByLabelText": [Function],
  "queryByPlaceholderText": [Function],
  "queryByRole": [Function],
  "queryByTestId": [Function],
  "queryByText": [Function],
  "queryByTitle": [Function],
  "rerender": [Function],
  "unmount": [Function],
}
`;
