// Jest Snapshot v1, https://goo.gl/fbAQLP

exports[`LandingPage renders correctly 1`] = `
{
  "asFragment": [Function],
  "baseElement": <body>
    <div>
      <div
        class="w-full"
      >
        <section
          class="video-section"
        >
          <div
            class="video-overlay flex flex-col justify-center"
          >
            <div
              class="flex flex-col items-end justify-end"
            >
              <p
                class="landing-title"
              >
                Sayaam For All
              </p>
              <h6
                class="landing-subtitle"
              >
                Connecting Help to those who need it
              </h6>
            </div>
            <button
              class="text-white bg-blue-500 hover:bg-blue-700 rounded-lg px-8 py-2 text-lg hover:underline"
            >
              Join the Community
            </button>
          </div>
          <button
            class="landing-volume-button"
          >
            <svg
              fill="currentColor"
              height="1em"
              stroke="currentColor"
              stroke-width="0"
              viewBox="0 0 576 512"
              width="1em"
              xmlns="http://www.w3.org/2000/svg"
            >
              <path
                d="M301.1 34.8C312.6 40 320 51.4 320 64l0 384c0 12.6-7.4 24-18.9 29.2s-25 3.1-34.4-5.3L131.8 352 64 352c-35.3 0-64-28.7-64-64l0-64c0-35.3 28.7-64 64-64l67.8 0L266.7 40.1c9.4-8.4 22.9-10.4 34.4-5.3zM425 167l55 55 55-55c9.4-9.4 24.6-9.4 33.9 0s9.4 24.6 0 33.9l-55 55 55 55c9.4 9.4 9.4 24.6 0 33.9s-24.6 9.4-33.9 0l-55-55-55 55c-9.4 9.4-24.6 9.4-33.9 0s-9.4-24.6 0-33.9l55-55-55-55c-9.4-9.4-9.4-24.6 0-33.9s24.6-9.4 33.9 0z"
              />
            </svg>
          </button>
          <div
            class="video-wrapper"
          >
            <iframe
              allow="autoplay"
              id="landing-iframe"
              src="https://www.youtube.com/embed/9CBLVoSSuwM?autoplay=1&mute=1&loop=1&controls=0&playlist=9CBLVoSSuwM&enablejsapi=1"
              title="YouTube Video"
            />
          </div>
        </section>
        <div
          class="flex flex-row items-center bg-white h-96 mt-5 gap-10"
        >
          <div
            class="flex flex-col justify-start items-start w-3/5 p-10 h-full"
          >
            <h3
              class="font-bold text-3xl h-1/3 w-2/3"
            >
              Creating a World Where Help is Always Within Reach
            </h3>
            <p
              class="h-1/3 text-lg text-gray-500"
            >
              Through our global network of volunteers and donors, we empower communities to support one another, fostering a culture of compassion and solidarity that transcends geographical boundaries.
            </p>
            <button
              class="mt-10 text-sm text-gray-500 hover:text-blue-500 hover:underline"
            >
              How We Operate →
            </button>
          </div>
          <div
            class="flex flex-row w-1/3 h-full gap-5"
          >
            <img
              alt="Help 1"
              class="w-1/2 rounded-lg"
              src="https://platform.theverge.com/wp-content/uploads/sites/2/2025/03/STK093_GOOGLE_E.jpg?quality=90&strip=all&crop=0%2C0%2C100%2C100&w=2400"
            />
            <img
              alt="Help 2"
              class="w-1/2 rounded-lg"
              src="https://platform.theverge.com/wp-content/uploads/sites/2/2025/03/STK093_GOOGLE_E.jpg?quality=90&strip=all&crop=0%2C0%2C100%2C100&w=2400"
            />
          </div>
        </div>
        <mock-carousel />
        <div
          class="community-container"
        >
          <div
            class="cards-section"
          >
            <div
              class="community-card"
              style="background-image: url(https://platform.theverge.com/wp-content/uploads/sites/2/2025/03/STK093_GOOGLE_E.jpg?quality=90&strip=all&crop=0%2C0%2C100%2C100&w=2400); margin-top: 0px;"
            >
              <div
                class="card-overlay"
              >
                Take help from our Volunteers
              </div>
            </div>
            <div
              class="community-card"
              style="background-image: url(https://platform.theverge.com/wp-content/uploads/sites/2/2025/03/STK093_GOOGLE_E.jpg?quality=90&strip=all&crop=0%2C0%2C100%2C100&w=2400); margin-top: 120px;"
            >
              <div
                class="card-overlay"
              >
                Planning and budgeting advice for travel
              </div>
            </div>
            <div
              class="community-card"
              style="background-image: url(https://platform.theverge.com/wp-content/uploads/sites/2/2025/03/STK093_GOOGLE_E.jpg?quality=90&strip=all&crop=0%2C0%2C100%2C100&w=2400); margin-top: 240px;"
            >
              <div
                class="card-overlay"
              >
                A whole new community of charity organisations
              </div>
            </div>
          </div>
          <div
            class="text-section"
          >
            <h2>
              Discover our community
            </h2>
            <p>
              Chat with our community and get in touch with different charity organisations!
            </p>
            <button
              class="join-btn"
            >
              Join the community
            </button>
          </div>
        </div>
      </div>
    </div>
    <script
      src="https://www.youtube.com/iframe_api"
    />
  </body>,
  "container": <div>
    <div
      class="w-full"
    >
      <section
        class="video-section"
      >
        <div
          class="video-overlay flex flex-col justify-center"
        >
          <div
            class="flex flex-col items-end justify-end"
          >
            <p
              class="landing-title"
            >
              Sayaam For All
            </p>
            <h6
              class="landing-subtitle"
            >
              Connecting Help to those who need it
            </h6>
          </div>
          <button
            class="text-white bg-blue-500 hover:bg-blue-700 rounded-lg px-8 py-2 text-lg hover:underline"
          >
            Join the Community
          </button>
        </div>
        <button
          class="landing-volume-button"
        >
          <svg
            fill="currentColor"
            height="1em"
            stroke="currentColor"
            stroke-width="0"
            viewBox="0 0 576 512"
            width="1em"
            xmlns="http://www.w3.org/2000/svg"
          >
            <path
              d="M301.1 34.8C312.6 40 320 51.4 320 64l0 384c0 12.6-7.4 24-18.9 29.2s-25 3.1-34.4-5.3L131.8 352 64 352c-35.3 0-64-28.7-64-64l0-64c0-35.3 28.7-64 64-64l67.8 0L266.7 40.1c9.4-8.4 22.9-10.4 34.4-5.3zM425 167l55 55 55-55c9.4-9.4 24.6-9.4 33.9 0s9.4 24.6 0 33.9l-55 55 55 55c9.4 9.4 9.4 24.6 0 33.9s-24.6 9.4-33.9 0l-55-55-55 55c-9.4 9.4-24.6 9.4-33.9 0s-9.4-24.6 0-33.9l55-55-55-55c-9.4-9.4-9.4-24.6 0-33.9s24.6-9.4 33.9 0z"
            />
          </svg>
        </button>
        <div
          class="video-wrapper"
        >
          <iframe
            allow="autoplay"
            id="landing-iframe"
            src="https://www.youtube.com/embed/9CBLVoSSuwM?autoplay=1&mute=1&loop=1&controls=0&playlist=9CBLVoSSuwM&enablejsapi=1"
            title="YouTube Video"
          />
        </div>
      </section>
      <div
        class="flex flex-row items-center bg-white h-96 mt-5 gap-10"
      >
        <div
          class="flex flex-col justify-start items-start w-3/5 p-10 h-full"
        >
          <h3
            class="font-bold text-3xl h-1/3 w-2/3"
          >
            Creating a World Where Help is Always Within Reach
          </h3>
          <p
            class="h-1/3 text-lg text-gray-500"
          >
            Through our global network of volunteers and donors, we empower communities to support one another, fostering a culture of compassion and solidarity that transcends geographical boundaries.
          </p>
          <button
            class="mt-10 text-sm text-gray-500 hover:text-blue-500 hover:underline"
          >
            How We Operate →
          </button>
        </div>
        <div
          class="flex flex-row w-1/3 h-full gap-5"
        >
          <img
            alt="Help 1"
            class="w-1/2 rounded-lg"
            src="https://platform.theverge.com/wp-content/uploads/sites/2/2025/03/STK093_GOOGLE_E.jpg?quality=90&strip=all&crop=0%2C0%2C100%2C100&w=2400"
          />
          <img
            alt="Help 2"
            class="w-1/2 rounded-lg"
            src="https://platform.theverge.com/wp-content/uploads/sites/2/2025/03/STK093_GOOGLE_E.jpg?quality=90&strip=all&crop=0%2C0%2C100%2C100&w=2400"
          />
        </div>
      </div>
      <mock-carousel />
      <div
        class="community-container"
      >
        <div
          class="cards-section"
        >
          <div
            class="community-card"
            style="background-image: url(https://platform.theverge.com/wp-content/uploads/sites/2/2025/03/STK093_GOOGLE_E.jpg?quality=90&strip=all&crop=0%2C0%2C100%2C100&w=2400); margin-top: 0px;"
          >
            <div
              class="card-overlay"
            >
              Take help from our Volunteers
            </div>
          </div>
          <div
            class="community-card"
            style="background-image: url(https://platform.theverge.com/wp-content/uploads/sites/2/2025/03/STK093_GOOGLE_E.jpg?quality=90&strip=all&crop=0%2C0%2C100%2C100&w=2400); margin-top: 120px;"
          >
            <div
              class="card-overlay"
            >
              Planning and budgeting advice for travel
            </div>
          </div>
          <div
            class="community-card"
            style="background-image: url(https://platform.theverge.com/wp-content/uploads/sites/2/2025/03/STK093_GOOGLE_E.jpg?quality=90&strip=all&crop=0%2C0%2C100%2C100&w=2400); margin-top: 240px;"
          >
            <div
              class="card-overlay"
            >
              A whole new community of charity organisations
            </div>
          </div>
        </div>
        <div
          class="text-section"
        >
          <h2>
            Discover our community
          </h2>
          <p>
            Chat with our community and get in touch with different charity organisations!
          </p>
          <button
            class="join-btn"
          >
            Join the community
          </button>
        </div>
      </div>
    </div>
  </div>,
  "debug": [Function],
  "findAllByAltText": [Function],
  "findAllByDisplayValue": [Function],
  "findAllByLabelText": [Function],
  "findAllByPlaceholderText": [Function],
  "findAllByRole": [Function],
  "findAllByTestId": [Function],
  "findAllByText": [Function],
  "findAllByTitle": [Function],
  "findByAltText": [Function],
  "findByDisplayValue": [Function],
  "findByLabelText": [Function],
  "findByPlaceholderText": [Function],
  "findByRole": [Function],
  "findByTestId": [Function],
  "findByText": [Function],
  "findByTitle": [Function],
  "getAllByAltText": [Function],
  "getAllByDisplayValue": [Function],
  "getAllByLabelText": [Function],
  "getAllByPlaceholderText": [Function],
  "getAllByRole": [Function],
  "getAllByTestId": [Function],
  "getAllByText": [Function],
  "getAllByTitle": [Function],
  "getByAltText": [Function],
  "getByDisplayValue": [Function],
  "getByLabelText": [Function],
  "getByPlaceholderText": [Function],
  "getByRole": [Function],
  "getByTestId": [Function],
  "getByText": [Function],
  "getByTitle": [Function],
  "queryAllByAltText": [Function],
  "queryAllByDisplayValue": [Function],
  "queryAllByLabelText": [Function],
  "queryAllByPlaceholderText": [Function],
  "queryAllByRole": [Function],
  "queryAllByTestId": [Function],
  "queryAllByText": [Function],
  "queryAllByTitle": [Function],
  "queryByAltText": [Function],
  "queryByDisplayValue": [Function],
  "queryByLabelText": [Function],
  "queryByPlaceholderText": [Function],
  "queryByRole": [Function],
  "queryByTestId": [Function],
  "queryByText": [Function],
  "queryByTitle": [Function],
  "rerender": [Function],
  "store": {
    "@@observable": [Function],
    "dispatch": [Function],
    "getState": [Function],
    "replaceReducer": [Function],
    "subscribe": [Function],
  },
  "unmount": [Function],
}
`;
