// Jest Snapshot v1, https://goo.gl/fbAQLP

exports[`Footer renders correctly 1`] = `
{
  "asFragment": [Function],
  "baseElement": <body>
    <div>
      <footer
        class="footer"
      >
        <div
          class="footer-inner"
        >
          <div
            class="footer-top-wrapper"
          >
            <div
              class="footer-top"
            >
              <div
                class="footer-logo"
              >
                <img
                  alt="Saayam logo"
                  src=""
                />
              </div>
              <nav
                aria-label="Footer navigation"
                class="footer-nav"
              >
                <a
                  href="/"
                >
                  Home
                </a>
                <a
                  href="/our-mission"
                >
                  About Us
                </a>
                <a
                  href="/"
                >
                  Mission & Vision
                </a>
                <a
                  href="/directors"
                >
                  Our Team
                </a>
                <a
                  href="/"
                >
                  What We Offer
                </a>
                <a
                  href="/donate"
                >
                  Donate
                </a>
              </nav>
              <div
                class="footer-contact"
              >
                <a
                  href="/contact"
                >
                  <button
                    type="button"
                  >
                    Contact Us
                  </button>
                </a>
              </div>
            </div>
            <hr
              class="footer-divider"
            />
          </div>
          <div
            class="footer-bottom-grid"
          >
            <div
              class="footer-copy"
            >
              Copyright © 2025 Saayam For All. All rights reserved.
            </div>
            <div
              class="footer-links"
            >
              <a
                href="/sitemap"
              >
                Site Map
              </a>
              <a
                href="#"
              >
                Terms and Conditions
              </a>
              <a
                href="#"
              >
                Privacy Policy
              </a>
            </div>
          </div>
        </div>
      </footer>
    </div>
  </body>,
  "container": <div>
    <footer
      class="footer"
    >
      <div
        class="footer-inner"
      >
        <div
          class="footer-top-wrapper"
        >
          <div
            class="footer-top"
          >
            <div
              class="footer-logo"
            >
              <img
                alt="Saayam logo"
                src=""
              />
            </div>
            <nav
              aria-label="Footer navigation"
              class="footer-nav"
            >
              <a
                href="/"
              >
                Home
              </a>
              <a
                href="/our-mission"
              >
                About Us
              </a>
              <a
                href="/"
              >
                Mission & Vision
              </a>
              <a
                href="/directors"
              >
                Our Team
              </a>
              <a
                href="/"
              >
                What We Offer
              </a>
              <a
                href="/donate"
              >
                Donate
              </a>
            </nav>
            <div
              class="footer-contact"
            >
              <a
                href="/contact"
              >
                <button
                  type="button"
                >
                  Contact Us
                </button>
              </a>
            </div>
          </div>
          <hr
            class="footer-divider"
          />
        </div>
        <div
          class="footer-bottom-grid"
        >
          <div
            class="footer-copy"
          >
            Copyright © 2025 Saayam For All. All rights reserved.
          </div>
          <div
            class="footer-links"
          >
            <a
              href="/sitemap"
            >
              Site Map
            </a>
            <a
              href="#"
            >
              Terms and Conditions
            </a>
            <a
              href="#"
            >
              Privacy Policy
            </a>
          </div>
        </div>
      </div>
    </footer>
  </div>,
  "debug": [Function],
  "findAllByAltText": [Function],
  "findAllByDisplayValue": [Function],
  "findAllByLabelText": [Function],
  "findAllByPlaceholderText": [Function],
  "findAllByRole": [Function],
  "findAllByTestId": [Function],
  "findAllByText": [Function],
  "findAllByTitle": [Function],
  "findByAltText": [Function],
  "findByDisplayValue": [Function],
  "findByLabelText": [Function],
  "findByPlaceholderText": [Function],
  "findByRole": [Function],
  "findByTestId": [Function],
  "findByText": [Function],
  "findByTitle": [Function],
  "getAllByAltText": [Function],
  "getAllByDisplayValue": [Function],
  "getAllByLabelText": [Function],
  "getAllByPlaceholderText": [Function],
  "getAllByRole": [Function],
  "getAllByTestId": [Function],
  "getAllByText": [Function],
  "getAllByTitle": [Function],
  "getByAltText": [Function],
  "getByDisplayValue": [Function],
  "getByLabelText": [Function],
  "getByPlaceholderText": [Function],
  "getByRole": [Function],
  "getByTestId": [Function],
  "getByText": [Function],
  "getByTitle": [Function],
  "queryAllByAltText": [Function],
  "queryAllByDisplayValue": [Function],
  "queryAllByLabelText": [Function],
  "queryAllByPlaceholderText": [Function],
  "queryAllByRole": [Function],
  "queryAllByTestId": [Function],
  "queryAllByText": [Function],
  "queryAllByTitle": [Function],
  "queryByAltText": [Function],
  "queryByDisplayValue": [Function],
  "queryByLabelText": [Function],
  "queryByPlaceholderText": [Function],
  "queryByRole": [Function],
  "queryByTestId": [Function],
  "queryByText": [Function],
  "queryByTitle": [Function],
  "rerender": [Function],
  "unmount": [Function],
}
`;
