// Jest Snapshot v1, https://goo.gl/fbAQLP

exports[`Layout renders correctly 1`] = `
{
  "asFragment": [Function],
  "baseElement": <body>
    <div>
      <div
        class="flex flex-col h-screen"
      >
        <mock-navigation-guard />
        <header
          class="sticky z-10"
        >
          <mock-navbar />
        </header>
        <div
          class="flex flex-1"
        >
          <aside
            class="left-ads-panel flex-1 "
          >
            <mock-left-ads />
          </aside>
          <main
            class="flex-[6] overflow-auto"
          >
            <mock-suspense>
              <mock-outlet />
            </mock-suspense>
          </main>
          <aside
            class="right-ads-panel flex-1 "
          >
            <mock-right-ads />
          </aside>
        </div>
        <footer
          class=""
        >
          <mock-footer />
        </footer>
      </div>
    </div>
  </body>,
  "container": <div>
    <div
      class="flex flex-col h-screen"
    >
      <mock-navigation-guard />
      <header
        class="sticky z-10"
      >
        <mock-navbar />
      </header>
      <div
        class="flex flex-1"
      >
        <aside
          class="left-ads-panel flex-1 "
        >
          <mock-left-ads />
        </aside>
        <main
          class="flex-[6] overflow-auto"
        >
          <mock-suspense>
            <mock-outlet />
          </mock-suspense>
        </main>
        <aside
          class="right-ads-panel flex-1 "
        >
          <mock-right-ads />
        </aside>
      </div>
      <footer
        class=""
      >
        <mock-footer />
      </footer>
    </div>
  </div>,
  "debug": [Function],
  "findAllByAltText": [Function],
  "findAllByDisplayValue": [Function],
  "findAllByLabelText": [Function],
  "findAllByPlaceholderText": [Function],
  "findAllByRole": [Function],
  "findAllByTestId": [Function],
  "findAllByText": [Function],
  "findAllByTitle": [Function],
  "findByAltText": [Function],
  "findByDisplayValue": [Function],
  "findByLabelText": [Function],
  "findByPlaceholderText": [Function],
  "findByRole": [Function],
  "findByTestId": [Function],
  "findByText": [Function],
  "findByTitle": [Function],
  "getAllByAltText": [Function],
  "getAllByDisplayValue": [Function],
  "getAllByLabelText": [Function],
  "getAllByPlaceholderText": [Function],
  "getAllByRole": [Function],
  "getAllByTestId": [Function],
  "getAllByText": [Function],
  "getAllByTitle": [Function],
  "getByAltText": [Function],
  "getByDisplayValue": [Function],
  "getByLabelText": [Function],
  "getByPlaceholderText": [Function],
  "getByRole": [Function],
  "getByTestId": [Function],
  "getByText": [Function],
  "getByTitle": [Function],
  "queryAllByAltText": [Function],
  "queryAllByDisplayValue": [Function],
  "queryAllByLabelText": [Function],
  "queryAllByPlaceholderText": [Function],
  "queryAllByRole": [Function],
  "queryAllByTestId": [Function],
  "queryAllByText": [Function],
  "queryAllByTitle": [Function],
  "queryByAltText": [Function],
  "queryByDisplayValue": [Function],
  "queryByLabelText": [Function],
  "queryByPlaceholderText": [Function],
  "queryByRole": [Function],
  "queryByTestId": [Function],
  "queryByText": [Function],
  "queryByTitle": [Function],
  "rerender": [Function],
  "unmount": [Function],
}
`;
