// Jest Snapshot v1, https://goo.gl/fbAQLP

exports[`Navbar renders correctly when user is logged in 1`] = `
{
  "asFragment": [Function],
  "baseElement": <body>
    <div>
      <div
        class="navbar navbar-sm navbar-gradient-bg"
      >
        <div
          class="navbar-start"
        >
          <mock-link
            props="{"className":"text-3xl font-semibold"}"
            to="/dashboard"
          >
            <img
              alt="logo"
              class="w-14 h-14"
              src="logo.svg"
            />
          </mock-link>
        </div>
        <div
          class="navbar-end gap-10"
        >
          <div
            class="dropdown"
          >
            <button
              class="font-semibold flex flex-col items-center "
            >
              <svg
                class="mr-1 text-xl"
                fill="currentColor"
                height="1em"
                stroke="currentColor"
                stroke-width="0"
                viewBox="0 0 512 512"
                width="1em"
                xmlns="http://www.w3.org/2000/svg"
              >
                <path
                  d="M402 168c-2.93 40.67-33.1 72-66 72s-63.12-31.32-66-72c-3-42.31 26.37-72 66-72s69 30.46 66 72z"
                  fill="none"
                  stroke-linecap="round"
                  stroke-linejoin="round"
                  stroke-width="32"
                />
                <path
                  d="M336 304c-65.17 0-127.84 32.37-143.54 95.41-2.08 8.34 3.15 16.59 11.72 16.59h263.65c8.57 0 13.77-8.25 11.72-16.59C463.85 335.36 401.18 304 336 304z"
                  fill="none"
                  stroke-miterlimit="10"
                  stroke-width="32"
                />
                <path
                  d="M200 185.94c-2.34 32.48-26.72 58.06-53 58.06s-50.7-25.57-53-58.06C91.61 152.15 115.34 128 147 128s55.39 24.77 53 57.94z"
                  fill="none"
                  stroke-linecap="round"
                  stroke-linejoin="round"
                  stroke-width="32"
                />
                <path
                  d="M206 306c-18.05-8.27-37.93-11.45-59-11.45-52 0-102.1 25.85-114.65 76.2-1.65 6.66 2.53 13.25 9.37 13.25H154"
                  fill="none"
                  stroke-linecap="round"
                  stroke-miterlimit="10"
                  stroke-width="32"
                />
              </svg>
              mockTranslate(ABOUT)
            </button>
            <ul
              class="menu menu-md dropdown-content mt-3 z-[1] p-2 shadow bg-base-100 rounded-box w-52 hidden"
              tabindex="0"
            >
              <li>
                <a>
                  mockTranslate(DIRECTORS)
                </a>
              </li>
              <li>
                <a>
                  mockTranslate(HOW_WE_OPERATE)
                </a>
              </li>
              <li>
                <a>
                  mockTranslate(CONTACT)
                </a>
              </li>
              <li>
                <a>
                  mockTranslate(MISSION)
                </a>
              </li>
              <li>
                <a>
                  mockTranslate(VISION)
                </a>
              </li>
            </ul>
          </div>
          <mock-nav-link
            props="{"className":"font-semibold flex flex-col items-center"}"
            to="/donate"
          >
            <svg
              class="mr-1 text-xl"
              fill="currentColor"
              height="1em"
              stroke="currentColor"
              stroke-width="0"
              viewBox="0 0 24 24"
              width="1em"
              xmlns="http://www.w3.org/2000/svg"
            >
              <path
                d="M4 21h9.62a3.995 3.995 0 0 0 3.037-1.397l5.102-5.952a1 1 0 0 0-.442-1.6l-1.968-.656a3.043 3.043 0 0 0-2.823.503l-3.185 2.547-.617-1.235A3.98 3.98 0 0 0 9.146 11H4c-1.103 0-2 .897-2 2v6c0 1.103.897 2 2 2zm0-8h5.146c.763 0 1.448.423 1.789 1.105l.447.895H7v2h6.014a.996.996 0 0 0 .442-.11l.003-.001.004-.002h.003l.002-.001h.004l.001-.001c.009.003.003-.001.003-.001.01 0 .002-.001.002-.001h.001l.002-.001.003-.001.002-.001.002-.001.003-.001.002-.001c.003 0 .001-.001.002-.001l.003-.002.002-.001.002-.001.003-.001.002-.001h.001l.002-.001h.001l.002-.001.002-.001c.009-.001.003-.001.003-.001l.002-.001a.915.915 0 0 0 .11-.078l4.146-3.317c.262-.208.623-.273.94-.167l.557.186-4.133 4.823a2.029 2.029 0 0 1-1.52.688H4v-6zM16 2h-.017c-.163.002-1.006.039-1.983.705-.951-.648-1.774-.7-1.968-.704L12.002 2h-.004c-.801 0-1.555.313-2.119.878C9.313 3.445 9 4.198 9 5s.313 1.555.861 2.104l3.414 3.586a1.006 1.006 0 0 0 1.45-.001l3.396-3.568C18.688 6.555 19 5.802 19 5s-.313-1.555-.878-2.121A2.978 2.978 0 0 0 16.002 2H16zm1 3c0 .267-.104.518-.311.725L14 8.55l-2.707-2.843C11.104 5.518 11 5.267 11 5s.104-.518.294-.708A.977.977 0 0 1 11.979 4c.025.001.502.032 1.067.485.081.065.163.139.247.222l.707.707.707-.707c.084-.083.166-.157.247-.222.529-.425.976-.478 1.052-.484a.987.987 0 0 1 .701.292c.189.189.293.44.293.707z"
              />
            </svg>
            mockTranslate(DONATE)
          </mock-nav-link>
          <mock-nav-link
            props="{"id":"notificationButton","className":"font-semibold flex flex-col items-center"}"
            to="/notifications"
          >
            <div
              class="relative"
            >
              <svg
                class="mr-1 text-xl"
                fill="currentColor"
                height="1em"
                stroke="currentColor"
                stroke-width="0"
                viewBox="0 0 512 512"
                width="1em"
                xmlns="http://www.w3.org/2000/svg"
              >
                <path
                  d="M427.68 351.43C402 320 383.87 304 383.87 217.35 383.87 138 343.35 109.73 310 96c-4.43-1.82-8.6-6-9.95-10.55C294.2 65.54 277.8 48 256 48s-38.21 17.55-44 37.47c-1.35 4.6-5.52 8.71-9.95 10.53-33.39 13.75-73.87 41.92-73.87 121.35C128.13 304 110 320 84.32 351.43 73.68 364.45 83 384 101.61 384h308.88c18.51 0 27.77-19.61 17.19-32.57zM320 384v16a64 64 0 0 1-128 0v-16"
                  fill="none"
                  stroke-linecap="round"
                  stroke-linejoin="round"
                  stroke-width="32"
                />
              </svg>
              <span
                class="absolute -top-1 right-0 bg-red-600 text-white text-xs px-1 rounded-full"
              >
                5
              </span>
            </div>
            mockTranslate(NOTIFICATIONS)
          </mock-nav-link>
          <div
            class="relative flex flex-col items-center"
          >
            <div
              class="flex items-center"
            >
              <img
                alt="Profile Icon"
                class="w-8 h-8 rounded-full cursor-pointer"
                src="ProfileImage.jpg"
              />
            </div>
          </div>
        </div>
      </div>
    </div>
  </body>,
  "container": <div>
    <div
      class="navbar navbar-sm navbar-gradient-bg"
    >
      <div
        class="navbar-start"
      >
        <mock-link
          props="{"className":"text-3xl font-semibold"}"
          to="/dashboard"
        >
          <img
            alt="logo"
            class="w-14 h-14"
            src="logo.svg"
          />
        </mock-link>
      </div>
      <div
        class="navbar-end gap-10"
      >
        <div
          class="dropdown"
        >
          <button
            class="font-semibold flex flex-col items-center "
          >
            <svg
              class="mr-1 text-xl"
              fill="currentColor"
              height="1em"
              stroke="currentColor"
              stroke-width="0"
              viewBox="0 0 512 512"
              width="1em"
              xmlns="http://www.w3.org/2000/svg"
            >
              <path
                d="M402 168c-2.93 40.67-33.1 72-66 72s-63.12-31.32-66-72c-3-42.31 26.37-72 66-72s69 30.46 66 72z"
                fill="none"
                stroke-linecap="round"
                stroke-linejoin="round"
                stroke-width="32"
              />
              <path
                d="M336 304c-65.17 0-127.84 32.37-143.54 95.41-2.08 8.34 3.15 16.59 11.72 16.59h263.65c8.57 0 13.77-8.25 11.72-16.59C463.85 335.36 401.18 304 336 304z"
                fill="none"
                stroke-miterlimit="10"
                stroke-width="32"
              />
              <path
                d="M200 185.94c-2.34 32.48-26.72 58.06-53 58.06s-50.7-25.57-53-58.06C91.61 152.15 115.34 128 147 128s55.39 24.77 53 57.94z"
                fill="none"
                stroke-linecap="round"
                stroke-linejoin="round"
                stroke-width="32"
              />
              <path
                d="M206 306c-18.05-8.27-37.93-11.45-59-11.45-52 0-102.1 25.85-114.65 76.2-1.65 6.66 2.53 13.25 9.37 13.25H154"
                fill="none"
                stroke-linecap="round"
                stroke-miterlimit="10"
                stroke-width="32"
              />
            </svg>
            mockTranslate(ABOUT)
          </button>
          <ul
            class="menu menu-md dropdown-content mt-3 z-[1] p-2 shadow bg-base-100 rounded-box w-52 hidden"
            tabindex="0"
          >
            <li>
              <a>
                mockTranslate(DIRECTORS)
              </a>
            </li>
            <li>
              <a>
                mockTranslate(HOW_WE_OPERATE)
              </a>
            </li>
            <li>
              <a>
                mockTranslate(CONTACT)
              </a>
            </li>
            <li>
              <a>
                mockTranslate(MISSION)
              </a>
            </li>
            <li>
              <a>
                mockTranslate(VISION)
              </a>
            </li>
          </ul>
        </div>
        <mock-nav-link
          props="{"className":"font-semibold flex flex-col items-center"}"
          to="/donate"
        >
          <svg
            class="mr-1 text-xl"
            fill="currentColor"
            height="1em"
            stroke="currentColor"
            stroke-width="0"
            viewBox="0 0 24 24"
            width="1em"
            xmlns="http://www.w3.org/2000/svg"
          >
            <path
              d="M4 21h9.62a3.995 3.995 0 0 0 3.037-1.397l5.102-5.952a1 1 0 0 0-.442-1.6l-1.968-.656a3.043 3.043 0 0 0-2.823.503l-3.185 2.547-.617-1.235A3.98 3.98 0 0 0 9.146 11H4c-1.103 0-2 .897-2 2v6c0 1.103.897 2 2 2zm0-8h5.146c.763 0 1.448.423 1.789 1.105l.447.895H7v2h6.014a.996.996 0 0 0 .442-.11l.003-.001.004-.002h.003l.002-.001h.004l.001-.001c.009.003.003-.001.003-.001.01 0 .002-.001.002-.001h.001l.002-.001.003-.001.002-.001.002-.001.003-.001.002-.001c.003 0 .001-.001.002-.001l.003-.002.002-.001.002-.001.003-.001.002-.001h.001l.002-.001h.001l.002-.001.002-.001c.009-.001.003-.001.003-.001l.002-.001a.915.915 0 0 0 .11-.078l4.146-3.317c.262-.208.623-.273.94-.167l.557.186-4.133 4.823a2.029 2.029 0 0 1-1.52.688H4v-6zM16 2h-.017c-.163.002-1.006.039-1.983.705-.951-.648-1.774-.7-1.968-.704L12.002 2h-.004c-.801 0-1.555.313-2.119.878C9.313 3.445 9 4.198 9 5s.313 1.555.861 2.104l3.414 3.586a1.006 1.006 0 0 0 1.45-.001l3.396-3.568C18.688 6.555 19 5.802 19 5s-.313-1.555-.878-2.121A2.978 2.978 0 0 0 16.002 2H16zm1 3c0 .267-.104.518-.311.725L14 8.55l-2.707-2.843C11.104 5.518 11 5.267 11 5s.104-.518.294-.708A.977.977 0 0 1 11.979 4c.025.001.502.032 1.067.485.081.065.163.139.247.222l.707.707.707-.707c.084-.083.166-.157.247-.222.529-.425.976-.478 1.052-.484a.987.987 0 0 1 .701.292c.189.189.293.44.293.707z"
            />
          </svg>
          mockTranslate(DONATE)
        </mock-nav-link>
        <mock-nav-link
          props="{"id":"notificationButton","className":"font-semibold flex flex-col items-center"}"
          to="/notifications"
        >
          <div
            class="relative"
          >
            <svg
              class="mr-1 text-xl"
              fill="currentColor"
              height="1em"
              stroke="currentColor"
              stroke-width="0"
              viewBox="0 0 512 512"
              width="1em"
              xmlns="http://www.w3.org/2000/svg"
            >
              <path
                d="M427.68 351.43C402 320 383.87 304 383.87 217.35 383.87 138 343.35 109.73 310 96c-4.43-1.82-8.6-6-9.95-10.55C294.2 65.54 277.8 48 256 48s-38.21 17.55-44 37.47c-1.35 4.6-5.52 8.71-9.95 10.53-33.39 13.75-73.87 41.92-73.87 121.35C128.13 304 110 320 84.32 351.43 73.68 364.45 83 384 101.61 384h308.88c18.51 0 27.77-19.61 17.19-32.57zM320 384v16a64 64 0 0 1-128 0v-16"
                fill="none"
                stroke-linecap="round"
                stroke-linejoin="round"
                stroke-width="32"
              />
            </svg>
            <span
              class="absolute -top-1 right-0 bg-red-600 text-white text-xs px-1 rounded-full"
            >
              5
            </span>
          </div>
          mockTranslate(NOTIFICATIONS)
        </mock-nav-link>
        <div
          class="relative flex flex-col items-center"
        >
          <div
            class="flex items-center"
          >
            <img
              alt="Profile Icon"
              class="w-8 h-8 rounded-full cursor-pointer"
              src="ProfileImage.jpg"
            />
          </div>
        </div>
      </div>
    </div>
  </div>,
  "debug": [Function],
  "findAllByAltText": [Function],
  "findAllByDisplayValue": [Function],
  "findAllByLabelText": [Function],
  "findAllByPlaceholderText": [Function],
  "findAllByRole": [Function],
  "findAllByTestId": [Function],
  "findAllByText": [Function],
  "findAllByTitle": [Function],
  "findByAltText": [Function],
  "findByDisplayValue": [Function],
  "findByLabelText": [Function],
  "findByPlaceholderText": [Function],
  "findByRole": [Function],
  "findByTestId": [Function],
  "findByText": [Function],
  "findByTitle": [Function],
  "getAllByAltText": [Function],
  "getAllByDisplayValue": [Function],
  "getAllByLabelText": [Function],
  "getAllByPlaceholderText": [Function],
  "getAllByRole": [Function],
  "getAllByTestId": [Function],
  "getAllByText": [Function],
  "getAllByTitle": [Function],
  "getByAltText": [Function],
  "getByDisplayValue": [Function],
  "getByLabelText": [Function],
  "getByPlaceholderText": [Function],
  "getByRole": [Function],
  "getByTestId": [Function],
  "getByText": [Function],
  "getByTitle": [Function],
  "queryAllByAltText": [Function],
  "queryAllByDisplayValue": [Function],
  "queryAllByLabelText": [Function],
  "queryAllByPlaceholderText": [Function],
  "queryAllByRole": [Function],
  "queryAllByTestId": [Function],
  "queryAllByText": [Function],
  "queryAllByTitle": [Function],
  "queryByAltText": [Function],
  "queryByDisplayValue": [Function],
  "queryByLabelText": [Function],
  "queryByPlaceholderText": [Function],
  "queryByRole": [Function],
  "queryByTestId": [Function],
  "queryByText": [Function],
  "queryByTitle": [Function],
  "rerender": [Function],
  "store": {
    "@@observable": [Function],
    "dispatch": [Function],
    "getState": [Function],
    "replaceReducer": [Function],
    "subscribe": [Function],
  },
  "unmount": [Function],
}
`;

exports[`Navbar renders correctly when user is logged out 1`] = `
{
  "asFragment": [Function],
  "baseElement": <body>
    <div>
      <div
        class="navbar navbar-sm navbar-gradient-bg"
      >
        <div
          class="navbar-start"
        >
          <mock-link
            props="{"className":"text-3xl font-semibold"}"
            to="/dashboard"
          >
            <img
              alt="logo"
              class="w-14 h-14"
              src="logo.svg"
            />
          </mock-link>
        </div>
        <div
          class="navbar-end gap-10"
        >
          <div
            class="dropdown"
          >
            <button
              class="font-semibold flex flex-col items-center "
            >
              <svg
                class="mr-1 text-xl"
                fill="currentColor"
                height="1em"
                stroke="currentColor"
                stroke-width="0"
                viewBox="0 0 512 512"
                width="1em"
                xmlns="http://www.w3.org/2000/svg"
              >
                <path
                  d="M402 168c-2.93 40.67-33.1 72-66 72s-63.12-31.32-66-72c-3-42.31 26.37-72 66-72s69 30.46 66 72z"
                  fill="none"
                  stroke-linecap="round"
                  stroke-linejoin="round"
                  stroke-width="32"
                />
                <path
                  d="M336 304c-65.17 0-127.84 32.37-143.54 95.41-2.08 8.34 3.15 16.59 11.72 16.59h263.65c8.57 0 13.77-8.25 11.72-16.59C463.85 335.36 401.18 304 336 304z"
                  fill="none"
                  stroke-miterlimit="10"
                  stroke-width="32"
                />
                <path
                  d="M200 185.94c-2.34 32.48-26.72 58.06-53 58.06s-50.7-25.57-53-58.06C91.61 152.15 115.34 128 147 128s55.39 24.77 53 57.94z"
                  fill="none"
                  stroke-linecap="round"
                  stroke-linejoin="round"
                  stroke-width="32"
                />
                <path
                  d="M206 306c-18.05-8.27-37.93-11.45-59-11.45-52 0-102.1 25.85-114.65 76.2-1.65 6.66 2.53 13.25 9.37 13.25H154"
                  fill="none"
                  stroke-linecap="round"
                  stroke-miterlimit="10"
                  stroke-width="32"
                />
              </svg>
              mockTranslate(ABOUT)
            </button>
            <ul
              class="menu menu-md dropdown-content mt-3 z-[1] p-2 shadow bg-base-100 rounded-box w-52 hidden"
              tabindex="0"
            >
              <li>
                <a>
                  mockTranslate(DIRECTORS)
                </a>
              </li>
              <li>
                <a>
                  mockTranslate(HOW_WE_OPERATE)
                </a>
              </li>
              <li>
                <a>
                  mockTranslate(CONTACT)
                </a>
              </li>
              <li>
                <a>
                  mockTranslate(MISSION)
                </a>
              </li>
              <li>
                <a>
                  mockTranslate(VISION)
                </a>
              </li>
            </ul>
          </div>
          <mock-nav-link
            props="{"className":"font-semibold flex flex-col items-center"}"
            to="/donate"
          >
            <svg
              class="mr-1 text-xl"
              fill="currentColor"
              height="1em"
              stroke="currentColor"
              stroke-width="0"
              viewBox="0 0 24 24"
              width="1em"
              xmlns="http://www.w3.org/2000/svg"
            >
              <path
                d="M4 21h9.62a3.995 3.995 0 0 0 3.037-1.397l5.102-5.952a1 1 0 0 0-.442-1.6l-1.968-.656a3.043 3.043 0 0 0-2.823.503l-3.185 2.547-.617-1.235A3.98 3.98 0 0 0 9.146 11H4c-1.103 0-2 .897-2 2v6c0 1.103.897 2 2 2zm0-8h5.146c.763 0 1.448.423 1.789 1.105l.447.895H7v2h6.014a.996.996 0 0 0 .442-.11l.003-.001.004-.002h.003l.002-.001h.004l.001-.001c.009.003.003-.001.003-.001.01 0 .002-.001.002-.001h.001l.002-.001.003-.001.002-.001.002-.001.003-.001.002-.001c.003 0 .001-.001.002-.001l.003-.002.002-.001.002-.001.003-.001.002-.001h.001l.002-.001h.001l.002-.001.002-.001c.009-.001.003-.001.003-.001l.002-.001a.915.915 0 0 0 .11-.078l4.146-3.317c.262-.208.623-.273.94-.167l.557.186-4.133 4.823a2.029 2.029 0 0 1-1.52.688H4v-6zM16 2h-.017c-.163.002-1.006.039-1.983.705-.951-.648-1.774-.7-1.968-.704L12.002 2h-.004c-.801 0-1.555.313-2.119.878C9.313 3.445 9 4.198 9 5s.313 1.555.861 2.104l3.414 3.586a1.006 1.006 0 0 0 1.45-.001l3.396-3.568C18.688 6.555 19 5.802 19 5s-.313-1.555-.878-2.121A2.978 2.978 0 0 0 16.002 2H16zm1 3c0 .267-.104.518-.311.725L14 8.55l-2.707-2.843C11.104 5.518 11 5.267 11 5s.104-.518.294-.708A.977.977 0 0 1 11.979 4c.025.001.502.032 1.067.485.081.065.163.139.247.222l.707.707.707-.707c.084-.083.166-.157.247-.222.529-.425.976-.478 1.052-.484a.987.987 0 0 1 .701.292c.189.189.293.44.293.707z"
              />
            </svg>
            mockTranslate(DONATE)
          </mock-nav-link>
          <mock-nav-link
            props="{"id":"notificationButton","className":"font-semibold flex flex-col items-center"}"
            to="/notifications"
          >
            <div
              class="relative"
            >
              <svg
                class="mr-1 text-xl"
                fill="currentColor"
                height="1em"
                stroke="currentColor"
                stroke-width="0"
                viewBox="0 0 512 512"
                width="1em"
                xmlns="http://www.w3.org/2000/svg"
              >
                <path
                  d="M427.68 351.43C402 320 383.87 304 383.87 217.35 383.87 138 343.35 109.73 310 96c-4.43-1.82-8.6-6-9.95-10.55C294.2 65.54 277.8 48 256 48s-38.21 17.55-44 37.47c-1.35 4.6-5.52 8.71-9.95 10.53-33.39 13.75-73.87 41.92-73.87 121.35C128.13 304 110 320 84.32 351.43 73.68 364.45 83 384 101.61 384h308.88c18.51 0 27.77-19.61 17.19-32.57zM320 384v16a64 64 0 0 1-128 0v-16"
                  fill="none"
                  stroke-linecap="round"
                  stroke-linejoin="round"
                  stroke-width="32"
                />
              </svg>
            </div>
            mockTranslate(NOTIFICATIONS)
          </mock-nav-link>
          <mock-nav-link
            props="{"className":"font-semibold flex flex-col items-center","id":"loginButton"}"
            to="/login"
          >
            <svg
              class="mr-1 text-xl"
              fill="currentColor"
              height="1em"
              stroke="currentColor"
              stroke-width="0"
              viewBox="0 0 512 512"
              width="1em"
              xmlns="http://www.w3.org/2000/svg"
            >
              <path
                d="M192 176v-40a40 40 0 0 1 40-40h160a40 40 0 0 1 40 40v240a40 40 0 0 1-40 40H240c-22.09 0-48-17.91-48-40v-40"
                fill="none"
                stroke-linecap="round"
                stroke-linejoin="round"
                stroke-width="32"
              />
              <path
                d="m288 336 80-80-80-80M80 256h272"
                fill="none"
                stroke-linecap="round"
                stroke-linejoin="round"
                stroke-width="32"
              />
            </svg>
            mockTranslate(LOGIN)
          </mock-nav-link>
        </div>
      </div>
    </div>
  </body>,
  "container": <div>
    <div
      class="navbar navbar-sm navbar-gradient-bg"
    >
      <div
        class="navbar-start"
      >
        <mock-link
          props="{"className":"text-3xl font-semibold"}"
          to="/dashboard"
        >
          <img
            alt="logo"
            class="w-14 h-14"
            src="logo.svg"
          />
        </mock-link>
      </div>
      <div
        class="navbar-end gap-10"
      >
        <div
          class="dropdown"
        >
          <button
            class="font-semibold flex flex-col items-center "
          >
            <svg
              class="mr-1 text-xl"
              fill="currentColor"
              height="1em"
              stroke="currentColor"
              stroke-width="0"
              viewBox="0 0 512 512"
              width="1em"
              xmlns="http://www.w3.org/2000/svg"
            >
              <path
                d="M402 168c-2.93 40.67-33.1 72-66 72s-63.12-31.32-66-72c-3-42.31 26.37-72 66-72s69 30.46 66 72z"
                fill="none"
                stroke-linecap="round"
                stroke-linejoin="round"
                stroke-width="32"
              />
              <path
                d="M336 304c-65.17 0-127.84 32.37-143.54 95.41-2.08 8.34 3.15 16.59 11.72 16.59h263.65c8.57 0 13.77-8.25 11.72-16.59C463.85 335.36 401.18 304 336 304z"
                fill="none"
                stroke-miterlimit="10"
                stroke-width="32"
              />
              <path
                d="M200 185.94c-2.34 32.48-26.72 58.06-53 58.06s-50.7-25.57-53-58.06C91.61 152.15 115.34 128 147 128s55.39 24.77 53 57.94z"
                fill="none"
                stroke-linecap="round"
                stroke-linejoin="round"
                stroke-width="32"
              />
              <path
                d="M206 306c-18.05-8.27-37.93-11.45-59-11.45-52 0-102.1 25.85-114.65 76.2-1.65 6.66 2.53 13.25 9.37 13.25H154"
                fill="none"
                stroke-linecap="round"
                stroke-miterlimit="10"
                stroke-width="32"
              />
            </svg>
            mockTranslate(ABOUT)
          </button>
          <ul
            class="menu menu-md dropdown-content mt-3 z-[1] p-2 shadow bg-base-100 rounded-box w-52 hidden"
            tabindex="0"
          >
            <li>
              <a>
                mockTranslate(DIRECTORS)
              </a>
            </li>
            <li>
              <a>
                mockTranslate(HOW_WE_OPERATE)
              </a>
            </li>
            <li>
              <a>
                mockTranslate(CONTACT)
              </a>
            </li>
            <li>
              <a>
                mockTranslate(MISSION)
              </a>
            </li>
            <li>
              <a>
                mockTranslate(VISION)
              </a>
            </li>
          </ul>
        </div>
        <mock-nav-link
          props="{"className":"font-semibold flex flex-col items-center"}"
          to="/donate"
        >
          <svg
            class="mr-1 text-xl"
            fill="currentColor"
            height="1em"
            stroke="currentColor"
            stroke-width="0"
            viewBox="0 0 24 24"
            width="1em"
            xmlns="http://www.w3.org/2000/svg"
          >
            <path
              d="M4 21h9.62a3.995 3.995 0 0 0 3.037-1.397l5.102-5.952a1 1 0 0 0-.442-1.6l-1.968-.656a3.043 3.043 0 0 0-2.823.503l-3.185 2.547-.617-1.235A3.98 3.98 0 0 0 9.146 11H4c-1.103 0-2 .897-2 2v6c0 1.103.897 2 2 2zm0-8h5.146c.763 0 1.448.423 1.789 1.105l.447.895H7v2h6.014a.996.996 0 0 0 .442-.11l.003-.001.004-.002h.003l.002-.001h.004l.001-.001c.009.003.003-.001.003-.001.01 0 .002-.001.002-.001h.001l.002-.001.003-.001.002-.001.002-.001.003-.001.002-.001c.003 0 .001-.001.002-.001l.003-.002.002-.001.002-.001.003-.001.002-.001h.001l.002-.001h.001l.002-.001.002-.001c.009-.001.003-.001.003-.001l.002-.001a.915.915 0 0 0 .11-.078l4.146-3.317c.262-.208.623-.273.94-.167l.557.186-4.133 4.823a2.029 2.029 0 0 1-1.52.688H4v-6zM16 2h-.017c-.163.002-1.006.039-1.983.705-.951-.648-1.774-.7-1.968-.704L12.002 2h-.004c-.801 0-1.555.313-2.119.878C9.313 3.445 9 4.198 9 5s.313 1.555.861 2.104l3.414 3.586a1.006 1.006 0 0 0 1.45-.001l3.396-3.568C18.688 6.555 19 5.802 19 5s-.313-1.555-.878-2.121A2.978 2.978 0 0 0 16.002 2H16zm1 3c0 .267-.104.518-.311.725L14 8.55l-2.707-2.843C11.104 5.518 11 5.267 11 5s.104-.518.294-.708A.977.977 0 0 1 11.979 4c.025.001.502.032 1.067.485.081.065.163.139.247.222l.707.707.707-.707c.084-.083.166-.157.247-.222.529-.425.976-.478 1.052-.484a.987.987 0 0 1 .701.292c.189.189.293.44.293.707z"
            />
          </svg>
          mockTranslate(DONATE)
        </mock-nav-link>
        <mock-nav-link
          props="{"id":"notificationButton","className":"font-semibold flex flex-col items-center"}"
          to="/notifications"
        >
          <div
            class="relative"
          >
            <svg
              class="mr-1 text-xl"
              fill="currentColor"
              height="1em"
              stroke="currentColor"
              stroke-width="0"
              viewBox="0 0 512 512"
              width="1em"
              xmlns="http://www.w3.org/2000/svg"
            >
              <path
                d="M427.68 351.43C402 320 383.87 304 383.87 217.35 383.87 138 343.35 109.73 310 96c-4.43-1.82-8.6-6-9.95-10.55C294.2 65.54 277.8 48 256 48s-38.21 17.55-44 37.47c-1.35 4.6-5.52 8.71-9.95 10.53-33.39 13.75-73.87 41.92-73.87 121.35C128.13 304 110 320 84.32 351.43 73.68 364.45 83 384 101.61 384h308.88c18.51 0 27.77-19.61 17.19-32.57zM320 384v16a64 64 0 0 1-128 0v-16"
                fill="none"
                stroke-linecap="round"
                stroke-linejoin="round"
                stroke-width="32"
              />
            </svg>
          </div>
          mockTranslate(NOTIFICATIONS)
        </mock-nav-link>
        <mock-nav-link
          props="{"className":"font-semibold flex flex-col items-center","id":"loginButton"}"
          to="/login"
        >
          <svg
            class="mr-1 text-xl"
            fill="currentColor"
            height="1em"
            stroke="currentColor"
            stroke-width="0"
            viewBox="0 0 512 512"
            width="1em"
            xmlns="http://www.w3.org/2000/svg"
          >
            <path
              d="M192 176v-40a40 40 0 0 1 40-40h160a40 40 0 0 1 40 40v240a40 40 0 0 1-40 40H240c-22.09 0-48-17.91-48-40v-40"
              fill="none"
              stroke-linecap="round"
              stroke-linejoin="round"
              stroke-width="32"
            />
            <path
              d="m288 336 80-80-80-80M80 256h272"
              fill="none"
              stroke-linecap="round"
              stroke-linejoin="round"
              stroke-width="32"
            />
          </svg>
          mockTranslate(LOGIN)
        </mock-nav-link>
      </div>
    </div>
  </div>,
  "debug": [Function],
  "findAllByAltText": [Function],
  "findAllByDisplayValue": [Function],
  "findAllByLabelText": [Function],
  "findAllByPlaceholderText": [Function],
  "findAllByRole": [Function],
  "findAllByTestId": [Function],
  "findAllByText": [Function],
  "findAllByTitle": [Function],
  "findByAltText": [Function],
  "findByDisplayValue": [Function],
  "findByLabelText": [Function],
  "findByPlaceholderText": [Function],
  "findByRole": [Function],
  "findByTestId": [Function],
  "findByText": [Function],
  "findByTitle": [Function],
  "getAllByAltText": [Function],
  "getAllByDisplayValue": [Function],
  "getAllByLabelText": [Function],
  "getAllByPlaceholderText": [Function],
  "getAllByRole": [Function],
  "getAllByTestId": [Function],
  "getAllByText": [Function],
  "getAllByTitle": [Function],
  "getByAltText": [Function],
  "getByDisplayValue": [Function],
  "getByLabelText": [Function],
  "getByPlaceholderText": [Function],
  "getByRole": [Function],
  "getByTestId": [Function],
  "getByText": [Function],
  "getByTitle": [Function],
  "queryAllByAltText": [Function],
  "queryAllByDisplayValue": [Function],
  "queryAllByLabelText": [Function],
  "queryAllByPlaceholderText": [Function],
  "queryAllByRole": [Function],
  "queryAllByTestId": [Function],
  "queryAllByText": [Function],
  "queryAllByTitle": [Function],
  "queryByAltText": [Function],
  "queryByDisplayValue": [Function],
  "queryByLabelText": [Function],
  "queryByPlaceholderText": [Function],
  "queryByRole": [Function],
  "queryByTestId": [Function],
  "queryByText": [Function],
  "queryByTitle": [Function],
  "rerender": [Function],
  "store": {
    "@@observable": [Function],
    "dispatch": [Function],
    "getState": [Function],
    "replaceReducer": [Function],
    "subscribe": [Function],
  },
  "unmount": [Function],
}
`;
