// Jest Snapshot v1, https://goo.gl/fbAQLP

exports[`Contact renders correctly 1`] = `
{
  "asFragment": [Function],
  "baseElement": <body>
    <div>
      <div
        class="flex items-center justify-center flex-col gap-5 mt-5"
      >
        <h1>
          mockTranslate(ENTER_DETAILS)
        </h1>
        <form
          action="https://formsubmit.co/info@saayamforall.com"
          class="w-2/5 flex flex-col gap-5"
          method="POST"
        >
          <label
            class="relative block rounded-md border border-gray-200 shadow-sm focus-within:border-blue-600 focus-within:ring-1 focus-within:ring-blue-600"
            for="firstName"
          >
            <input
              class="peer border-none bg-transparent placeholder-transparent focus:border-transparent focus:outline-none focus:ring-0 input-md"
              id="firstName"
              name="firstName"
              placeholder="First Name"
              type="text"
              value=""
            />
            <span
              class="pointer-events-none absolute start-2.5 top-0 -translate-y-1/2 bg-white p-0.5 text-xs text-gray-700 transition-all peer-placeholder-shown:top-1/2 peer-placeholder-shown:text-sm peer-focus:top-0 peer-focus:text-xs"
            >
              mockTranslate(FIRST_NAME)
            </span>
          </label>
          <label
            class="relative block rounded-md border border-gray-200 shadow-sm focus-within:border-blue-600 focus-within:ring-1 focus-within:ring-blue-600"
            for="lastName"
          >
            <input
              class="peer border-none bg-transparent placeholder-transparent focus:border-transparent focus:outline-none focus:ring-0 input-md"
              id="lastName"
              name="lastName"
              placeholder="Last Name"
              type="text"
              value=""
            />
            <span
              class="pointer-events-none absolute start-2.5 top-0 -translate-y-1/2 bg-white p-0.5 text-xs text-gray-700 transition-all peer-placeholder-shown:top-1/2 peer-placeholder-shown:text-sm peer-focus:top-0 peer-focus:text-xs"
            >
              mockTranslate(LAST_NAME)
            </span>
          </label>
          <label
            class="relative block rounded-md border border-gray-200 shadow-sm focus-within:border-blue-600 focus-within:ring-1 focus-within:ring-blue-600"
            for="email"
          >
            <input
              class="peer border-none bg-transparent placeholder-transparent focus:border-transparent focus:outline-none focus:ring-0 input-md"
              id="email"
              name="email"
              placeholder="Email"
              type="email"
              value=""
            />
            <span
              class="pointer-events-none absolute start-2.5 top-0 -translate-y-1/2 bg-white p-0.5 text-xs text-gray-700 transition-all peer-placeholder-shown:top-1/2 peer-placeholder-shown:text-sm peer-focus:top-0 peer-focus:text-xs"
            >
              mockTranslate(EMAIL)
            </span>
          </label>
          <label
            class="relative block rounded-md border border-gray-200 shadow-sm focus-within:border-blue-600 focus-within:ring-1 focus-within:ring-blue-600"
            for="phone"
          >
            <input
              class="peer border-none bg-transparent placeholder-transparent focus:border-transparent focus:outline-none focus:ring-0 input-md"
              id="phone"
              name="phone"
              placeholder="Phone"
              type="tel"
              value=""
            />
            <span
              class="pointer-events-none absolute start-2.5 top-0 -translate-y-1/2 bg-white p-0.5 text-xs text-gray-700 transition-all peer-placeholder-shown:top-1/2 peer-placeholder-shown:text-sm peer-focus:top-0 peer-focus:text-xs"
            >
              mockTranslate(PHONE)
            </span>
          </label>
          <label
            class="relative block rounded-md border border-gray-200 shadow-sm focus-within:border-blue-600 focus-within:ring-1 focus-within:ring-blue-600"
            for="message"
          >
            <textarea
              class="w-full peer border-none bg-transparent placeholder-transparent focus:border-transparent focus:outline-none focus:ring-0 input-md"
              id="message"
              name="message"
              placeholder="Enter your Message"
              rows="6"
            />
            <span
              class="pointer-events-none absolute start-2.5 top-0 -translate-y-1/2 bg-white p-0.5 text-xs text-gray-700 transition-all peer-placeholder-shown:top-1/2 peer-placeholder-shown:text-sm peer-focus:top-0 peer-focus:text-xs"
            >
              mockTranslate(MESSAGE)
            </span>
          </label>
          <button
            class="btn btn-accent"
            type="submit"
          >
            mockTranslate(SUBMIT)
          </button>
        </form>
      </div>
    </div>
  </body>,
  "container": <div>
    <div
      class="flex items-center justify-center flex-col gap-5 mt-5"
    >
      <h1>
        mockTranslate(ENTER_DETAILS)
      </h1>
      <form
        action="https://formsubmit.co/info@saayamforall.com"
        class="w-2/5 flex flex-col gap-5"
        method="POST"
      >
        <label
          class="relative block rounded-md border border-gray-200 shadow-sm focus-within:border-blue-600 focus-within:ring-1 focus-within:ring-blue-600"
          for="firstName"
        >
          <input
            class="peer border-none bg-transparent placeholder-transparent focus:border-transparent focus:outline-none focus:ring-0 input-md"
            id="firstName"
            name="firstName"
            placeholder="First Name"
            type="text"
            value=""
          />
          <span
            class="pointer-events-none absolute start-2.5 top-0 -translate-y-1/2 bg-white p-0.5 text-xs text-gray-700 transition-all peer-placeholder-shown:top-1/2 peer-placeholder-shown:text-sm peer-focus:top-0 peer-focus:text-xs"
          >
            mockTranslate(FIRST_NAME)
          </span>
        </label>
        <label
          class="relative block rounded-md border border-gray-200 shadow-sm focus-within:border-blue-600 focus-within:ring-1 focus-within:ring-blue-600"
          for="lastName"
        >
          <input
            class="peer border-none bg-transparent placeholder-transparent focus:border-transparent focus:outline-none focus:ring-0 input-md"
            id="lastName"
            name="lastName"
            placeholder="Last Name"
            type="text"
            value=""
          />
          <span
            class="pointer-events-none absolute start-2.5 top-0 -translate-y-1/2 bg-white p-0.5 text-xs text-gray-700 transition-all peer-placeholder-shown:top-1/2 peer-placeholder-shown:text-sm peer-focus:top-0 peer-focus:text-xs"
          >
            mockTranslate(LAST_NAME)
          </span>
        </label>
        <label
          class="relative block rounded-md border border-gray-200 shadow-sm focus-within:border-blue-600 focus-within:ring-1 focus-within:ring-blue-600"
          for="email"
        >
          <input
            class="peer border-none bg-transparent placeholder-transparent focus:border-transparent focus:outline-none focus:ring-0 input-md"
            id="email"
            name="email"
            placeholder="Email"
            type="email"
            value=""
          />
          <span
            class="pointer-events-none absolute start-2.5 top-0 -translate-y-1/2 bg-white p-0.5 text-xs text-gray-700 transition-all peer-placeholder-shown:top-1/2 peer-placeholder-shown:text-sm peer-focus:top-0 peer-focus:text-xs"
          >
            mockTranslate(EMAIL)
          </span>
        </label>
        <label
          class="relative block rounded-md border border-gray-200 shadow-sm focus-within:border-blue-600 focus-within:ring-1 focus-within:ring-blue-600"
          for="phone"
        >
          <input
            class="peer border-none bg-transparent placeholder-transparent focus:border-transparent focus:outline-none focus:ring-0 input-md"
            id="phone"
            name="phone"
            placeholder="Phone"
            type="tel"
            value=""
          />
          <span
            class="pointer-events-none absolute start-2.5 top-0 -translate-y-1/2 bg-white p-0.5 text-xs text-gray-700 transition-all peer-placeholder-shown:top-1/2 peer-placeholder-shown:text-sm peer-focus:top-0 peer-focus:text-xs"
          >
            mockTranslate(PHONE)
          </span>
        </label>
        <label
          class="relative block rounded-md border border-gray-200 shadow-sm focus-within:border-blue-600 focus-within:ring-1 focus-within:ring-blue-600"
          for="message"
        >
          <textarea
            class="w-full peer border-none bg-transparent placeholder-transparent focus:border-transparent focus:outline-none focus:ring-0 input-md"
            id="message"
            name="message"
            placeholder="Enter your Message"
            rows="6"
          />
          <span
            class="pointer-events-none absolute start-2.5 top-0 -translate-y-1/2 bg-white p-0.5 text-xs text-gray-700 transition-all peer-placeholder-shown:top-1/2 peer-placeholder-shown:text-sm peer-focus:top-0 peer-focus:text-xs"
          >
            mockTranslate(MESSAGE)
          </span>
        </label>
        <button
          class="btn btn-accent"
          type="submit"
        >
          mockTranslate(SUBMIT)
        </button>
      </form>
    </div>
  </div>,
  "debug": [Function],
  "findAllByAltText": [Function],
  "findAllByDisplayValue": [Function],
  "findAllByLabelText": [Function],
  "findAllByPlaceholderText": [Function],
  "findAllByRole": [Function],
  "findAllByTestId": [Function],
  "findAllByText": [Function],
  "findAllByTitle": [Function],
  "findByAltText": [Function],
  "findByDisplayValue": [Function],
  "findByLabelText": [Function],
  "findByPlaceholderText": [Function],
  "findByRole": [Function],
  "findByTestId": [Function],
  "findByText": [Function],
  "findByTitle": [Function],
  "getAllByAltText": [Function],
  "getAllByDisplayValue": [Function],
  "getAllByLabelText": [Function],
  "getAllByPlaceholderText": [Function],
  "getAllByRole": [Function],
  "getAllByTestId": [Function],
  "getAllByText": [Function],
  "getAllByTitle": [Function],
  "getByAltText": [Function],
  "getByDisplayValue": [Function],
  "getByLabelText": [Function],
  "getByPlaceholderText": [Function],
  "getByRole": [Function],
  "getByTestId": [Function],
  "getByText": [Function],
  "getByTitle": [Function],
  "queryAllByAltText": [Function],
  "queryAllByDisplayValue": [Function],
  "queryAllByLabelText": [Function],
  "queryAllByPlaceholderText": [Function],
  "queryAllByRole": [Function],
  "queryAllByTestId": [Function],
  "queryAllByText": [Function],
  "queryAllByTitle": [Function],
  "queryByAltText": [Function],
  "queryByDisplayValue": [Function],
  "queryByLabelText": [Function],
  "queryByPlaceholderText": [Function],
  "queryByRole": [Function],
  "queryByTestId": [Function],
  "queryByText": [Function],
  "queryByTitle": [Function],
  "rerender": [Function],
  "unmount": [Function],
}
`;
