// Jest Snapshot v1, https://goo.gl/fbAQLP

exports[`Carousel renders correctly 1`] = `
{
  "asFragment": [Function],
  "baseElement": <body>
    <div>
      <div
        class="overflow-hidden relative h-[500px]"
      >
        <div
          class="flex transition ease-out duration-1000"
          style="transform: translateX(-0%);"
        >
          <img
            alt="food.jpg"
            src="food.jpg"
          />
          <img
            alt="food3.jpg"
            src="food3.jpg"
          />
          <img
            alt="hands.jpg"
            src="hands.jpg"
          />
          <img
            alt="health.jpg"
            src="health.jpg"
          />
          <img
            alt="hands2.jpg"
            src="hands2.jpg"
          />
          <img
            alt="health2.jpg"
            src="health2.jpg"
          />
          <img
            alt="clothes.jpg"
            src="clothes.jpg"
          />
          <img
            alt="education3.jpg"
            src="education3.jpg"
          />
          <img
            alt="referrals.jpeg"
            src="referrals.jpeg"
          />
        </div>
        <div
          class="absolute top-0 h-full w-full justify-between items-center flex text-3xl px-2"
        >
          <div
            class="bg-black opacity-25 hover:opacity-100 rounded-full p-1 text-white hover:bg-slate-700 flex items-center justify-center cursor-pointer"
          >
            <svg
              fill="currentColor"
              height="1em"
              stroke="currentColor"
              stroke-width="0"
              viewBox="0 0 512 512"
              width="1em"
              xmlns="http://www.w3.org/2000/svg"
            >
              <path
                d="M217.9 256L345 129c9.4-9.4 9.4-24.6 0-33.9-9.4-9.4-24.6-9.3-34 0L167 239c-9.1 9.1-9.3 23.7-.7 33.1L310.9 417c4.7 4.7 10.9 7 17 7s12.3-2.3 17-7c9.4-9.4 9.4-24.6 0-33.9L217.9 256z"
              />
            </svg>
          </div>
          <div
            class="bg-black opacity-25 hover:opacity-100 rounded-full p-1 text-white hover:bg-slate-700 flex items-center justify-center cursor-pointer"
          >
            <svg
              fill="currentColor"
              height="1em"
              stroke="currentColor"
              stroke-width="0"
              viewBox="0 0 512 512"
              width="1em"
              xmlns="http://www.w3.org/2000/svg"
            >
              <path
                d="M294.1 256L167 129c-9.4-9.4-9.4-24.6 0-33.9s24.6-9.3 34 0L345 239c9.1 9.1 9.3 23.7.7 33.1L201.1 417c-4.7 4.7-10.9 7-17 7s-12.3-2.3-17-7c-9.4-9.4-9.4-24.6 0-33.9l127-127.1z"
              />
            </svg>
          </div>
        </div>
        <div
          class="absolute bottom-0 py-4 flex justify-center gap-3 w-full"
        >
          <div
            class="rounded-full w-3 h-3 cursor-pointer  bg-white"
          />
          <div
            class="rounded-full w-3 h-3 cursor-pointer  bg-gray-500"
          />
          <div
            class="rounded-full w-3 h-3 cursor-pointer  bg-gray-500"
          />
          <div
            class="rounded-full w-3 h-3 cursor-pointer  bg-gray-500"
          />
          <div
            class="rounded-full w-3 h-3 cursor-pointer  bg-gray-500"
          />
          <div
            class="rounded-full w-3 h-3 cursor-pointer  bg-gray-500"
          />
          <div
            class="rounded-full w-3 h-3 cursor-pointer  bg-gray-500"
          />
          <div
            class="rounded-full w-3 h-3 cursor-pointer  bg-gray-500"
          />
          <div
            class="rounded-full w-3 h-3 cursor-pointer  bg-gray-500"
          />
        </div>
      </div>
    </div>
  </body>,
  "container": <div>
    <div
      class="overflow-hidden relative h-[500px]"
    >
      <div
        class="flex transition ease-out duration-1000"
        style="transform: translateX(-0%);"
      >
        <img
          alt="food.jpg"
          src="food.jpg"
        />
        <img
          alt="food3.jpg"
          src="food3.jpg"
        />
        <img
          alt="hands.jpg"
          src="hands.jpg"
        />
        <img
          alt="health.jpg"
          src="health.jpg"
        />
        <img
          alt="hands2.jpg"
          src="hands2.jpg"
        />
        <img
          alt="health2.jpg"
          src="health2.jpg"
        />
        <img
          alt="clothes.jpg"
          src="clothes.jpg"
        />
        <img
          alt="education3.jpg"
          src="education3.jpg"
        />
        <img
          alt="referrals.jpeg"
          src="referrals.jpeg"
        />
      </div>
      <div
        class="absolute top-0 h-full w-full justify-between items-center flex text-3xl px-2"
      >
        <div
          class="bg-black opacity-25 hover:opacity-100 rounded-full p-1 text-white hover:bg-slate-700 flex items-center justify-center cursor-pointer"
        >
          <svg
            fill="currentColor"
            height="1em"
            stroke="currentColor"
            stroke-width="0"
            viewBox="0 0 512 512"
            width="1em"
            xmlns="http://www.w3.org/2000/svg"
          >
            <path
              d="M217.9 256L345 129c9.4-9.4 9.4-24.6 0-33.9-9.4-9.4-24.6-9.3-34 0L167 239c-9.1 9.1-9.3 23.7-.7 33.1L310.9 417c4.7 4.7 10.9 7 17 7s12.3-2.3 17-7c9.4-9.4 9.4-24.6 0-33.9L217.9 256z"
            />
          </svg>
        </div>
        <div
          class="bg-black opacity-25 hover:opacity-100 rounded-full p-1 text-white hover:bg-slate-700 flex items-center justify-center cursor-pointer"
        >
          <svg
            fill="currentColor"
            height="1em"
            stroke="currentColor"
            stroke-width="0"
            viewBox="0 0 512 512"
            width="1em"
            xmlns="http://www.w3.org/2000/svg"
          >
            <path
              d="M294.1 256L167 129c-9.4-9.4-9.4-24.6 0-33.9s24.6-9.3 34 0L345 239c9.1 9.1 9.3 23.7.7 33.1L201.1 417c-4.7 4.7-10.9 7-17 7s-12.3-2.3-17-7c-9.4-9.4-9.4-24.6 0-33.9l127-127.1z"
            />
          </svg>
        </div>
      </div>
      <div
        class="absolute bottom-0 py-4 flex justify-center gap-3 w-full"
      >
        <div
          class="rounded-full w-3 h-3 cursor-pointer  bg-white"
        />
        <div
          class="rounded-full w-3 h-3 cursor-pointer  bg-gray-500"
        />
        <div
          class="rounded-full w-3 h-3 cursor-pointer  bg-gray-500"
        />
        <div
          class="rounded-full w-3 h-3 cursor-pointer  bg-gray-500"
        />
        <div
          class="rounded-full w-3 h-3 cursor-pointer  bg-gray-500"
        />
        <div
          class="rounded-full w-3 h-3 cursor-pointer  bg-gray-500"
        />
        <div
          class="rounded-full w-3 h-3 cursor-pointer  bg-gray-500"
        />
        <div
          class="rounded-full w-3 h-3 cursor-pointer  bg-gray-500"
        />
        <div
          class="rounded-full w-3 h-3 cursor-pointer  bg-gray-500"
        />
      </div>
    </div>
  </div>,
  "debug": [Function],
  "findAllByAltText": [Function],
  "findAllByDisplayValue": [Function],
  "findAllByLabelText": [Function],
  "findAllByPlaceholderText": [Function],
  "findAllByRole": [Function],
  "findAllByTestId": [Function],
  "findAllByText": [Function],
  "findAllByTitle": [Function],
  "findByAltText": [Function],
  "findByDisplayValue": [Function],
  "findByLabelText": [Function],
  "findByPlaceholderText": [Function],
  "findByRole": [Function],
  "findByTestId": [Function],
  "findByText": [Function],
  "findByTitle": [Function],
  "getAllByAltText": [Function],
  "getAllByDisplayValue": [Function],
  "getAllByLabelText": [Function],
  "getAllByPlaceholderText": [Function],
  "getAllByRole": [Function],
  "getAllByTestId": [Function],
  "getAllByText": [Function],
  "getAllByTitle": [Function],
  "getByAltText": [Function],
  "getByDisplayValue": [Function],
  "getByLabelText": [Function],
  "getByPlaceholderText": [Function],
  "getByRole": [Function],
  "getByTestId": [Function],
  "getByText": [Function],
  "getByTitle": [Function],
  "queryAllByAltText": [Function],
  "queryAllByDisplayValue": [Function],
  "queryAllByLabelText": [Function],
  "queryAllByPlaceholderText": [Function],
  "queryAllByRole": [Function],
  "queryAllByTestId": [Function],
  "queryAllByText": [Function],
  "queryAllByTitle": [Function],
  "queryByAltText": [Function],
  "queryByDisplayValue": [Function],
  "queryByLabelText": [Function],
  "queryByPlaceholderText": [Function],
  "queryByRole": [Function],
  "queryByTestId": [Function],
  "queryByText": [Function],
  "queryByTitle": [Function],
  "rerender": [Function],
  "unmount": [Function],
}
`;
