// Jest Snapshot v1, https://goo.gl/fbAQLP

exports[`Pagination renders correctly 1`] = `
{
  "asFragment": [Function],
  "baseElement": <body>
    <div>
      <div
        class="p-5"
      >
        <div
          class="flex justify-between items-center"
        >
          <div
            class="flex items-center justify-center mb-2"
          >
            <span
              class="mr-2 text-gray-400"
            >
              Showing data 
              1
              -
              10
               of 
              30
               
              entries
            </span>
            <div
              class="flex items-center ml-2"
            >
              <label
                class="mr-2"
                for="rowsPerPage"
              >
                Rows per view:
              </label>
              <select
                class="border rounded px-2 py-1"
                id="rowsPerPage"
              >
                <option
                  value="5"
                >
                  5 rows
                </option>
                <option
                  value="10"
                >
                  10 rows
                </option>
                <option
                  value="20"
                >
                  20 rows
                </option>
              </select>
            </div>
          </div>
          <div
            class="flex items-center space-x-2"
          >
            <button
              class="bg-gray-200 text-black py-2 px-2 rounded hover:bg-gray-500 invisible"
              disabled=""
            >
              <svg
                fill="currentColor"
                height="1em"
                stroke="currentColor"
                stroke-width="0"
                viewBox="0 0 24 24"
                width="1em"
                xmlns="http://www.w3.org/2000/svg"
              >
                <path
                  d="M10.8284 12.0007L15.7782 16.9504L14.364 18.3646L8 12.0007L14.364 5.63672L15.7782 7.05093L10.8284 12.0007Z"
                />
              </svg>
            </button>
            <button
              class="px-3 py-1 border rounded bg-blue-500 text-white hover:bg-blue-500"
            >
              1
            </button>
            <button
              class="px-3 py-1 border rounded bg-gray-200 text-black hover:bg-white"
            >
              2
            </button>
            <button
              class="px-3 py-1 border rounded bg-gray-200 text-black hover:bg-white"
            >
              3
            </button>
            <button
              class="bg-gray-200 text-black py-2 px-2 rounded hover:bg-gray-500 false"
            >
              <svg
                fill="currentColor"
                height="1em"
                stroke="currentColor"
                stroke-width="0"
                viewBox="0 0 24 24"
                width="1em"
                xmlns="http://www.w3.org/2000/svg"
              >
                <path
                  d="M13.1717 12.0007L8.22192 7.05093L9.63614 5.63672L16.0001 12.0007L9.63614 18.3646L8.22192 16.9504L13.1717 12.0007Z"
                />
              </svg>
            </button>
          </div>
        </div>
      </div>
    </div>
  </body>,
  "container": <div>
    <div
      class="p-5"
    >
      <div
        class="flex justify-between items-center"
      >
        <div
          class="flex items-center justify-center mb-2"
        >
          <span
            class="mr-2 text-gray-400"
          >
            Showing data 
            1
            -
            10
             of 
            30
             
            entries
          </span>
          <div
            class="flex items-center ml-2"
          >
            <label
              class="mr-2"
              for="rowsPerPage"
            >
              Rows per view:
            </label>
            <select
              class="border rounded px-2 py-1"
              id="rowsPerPage"
            >
              <option
                value="5"
              >
                5 rows
              </option>
              <option
                value="10"
              >
                10 rows
              </option>
              <option
                value="20"
              >
                20 rows
              </option>
            </select>
          </div>
        </div>
        <div
          class="flex items-center space-x-2"
        >
          <button
            class="bg-gray-200 text-black py-2 px-2 rounded hover:bg-gray-500 invisible"
            disabled=""
          >
            <svg
              fill="currentColor"
              height="1em"
              stroke="currentColor"
              stroke-width="0"
              viewBox="0 0 24 24"
              width="1em"
              xmlns="http://www.w3.org/2000/svg"
            >
              <path
                d="M10.8284 12.0007L15.7782 16.9504L14.364 18.3646L8 12.0007L14.364 5.63672L15.7782 7.05093L10.8284 12.0007Z"
              />
            </svg>
          </button>
          <button
            class="px-3 py-1 border rounded bg-blue-500 text-white hover:bg-blue-500"
          >
            1
          </button>
          <button
            class="px-3 py-1 border rounded bg-gray-200 text-black hover:bg-white"
          >
            2
          </button>
          <button
            class="px-3 py-1 border rounded bg-gray-200 text-black hover:bg-white"
          >
            3
          </button>
          <button
            class="bg-gray-200 text-black py-2 px-2 rounded hover:bg-gray-500 false"
          >
            <svg
              fill="currentColor"
              height="1em"
              stroke="currentColor"
              stroke-width="0"
              viewBox="0 0 24 24"
              width="1em"
              xmlns="http://www.w3.org/2000/svg"
            >
              <path
                d="M13.1717 12.0007L8.22192 7.05093L9.63614 5.63672L16.0001 12.0007L9.63614 18.3646L8.22192 16.9504L13.1717 12.0007Z"
              />
            </svg>
          </button>
        </div>
      </div>
    </div>
  </div>,
  "debug": [Function],
  "findAllByAltText": [Function],
  "findAllByDisplayValue": [Function],
  "findAllByLabelText": [Function],
  "findAllByPlaceholderText": [Function],
  "findAllByRole": [Function],
  "findAllByTestId": [Function],
  "findAllByText": [Function],
  "findAllByTitle": [Function],
  "findByAltText": [Function],
  "findByDisplayValue": [Function],
  "findByLabelText": [Function],
  "findByPlaceholderText": [Function],
  "findByRole": [Function],
  "findByTestId": [Function],
  "findByText": [Function],
  "findByTitle": [Function],
  "getAllByAltText": [Function],
  "getAllByDisplayValue": [Function],
  "getAllByLabelText": [Function],
  "getAllByPlaceholderText": [Function],
  "getAllByRole": [Function],
  "getAllByTestId": [Function],
  "getAllByText": [Function],
  "getAllByTitle": [Function],
  "getByAltText": [Function],
  "getByDisplayValue": [Function],
  "getByLabelText": [Function],
  "getByPlaceholderText": [Function],
  "getByRole": [Function],
  "getByTestId": [Function],
  "getByText": [Function],
  "getByTitle": [Function],
  "queryAllByAltText": [Function],
  "queryAllByDisplayValue": [Function],
  "queryAllByLabelText": [Function],
  "queryAllByPlaceholderText": [Function],
  "queryAllByRole": [Function],
  "queryAllByTestId": [Function],
  "queryAllByText": [Function],
  "queryAllByTitle": [Function],
  "queryByAltText": [Function],
  "queryByDisplayValue": [Function],
  "queryByLabelText": [Function],
  "queryByPlaceholderText": [Function],
  "queryByRole": [Function],
  "queryByTestId": [Function],
  "queryByText": [Function],
  "queryByTitle": [Function],
  "rerender": [Function],
  "unmount": [Function],
}
`;
