// Jest Snapshot v1, https://goo.gl/fbAQLP

exports[`Donate renders correctly 1`] = `
{
  "asFragment": [Function],
  "baseElement": <body>
    <div>
      <div
        class="donation-tab mt-20"
      >
        <h1
          class="tect-center"
        >
          mockTranslate(SCAN_ON_DONATE)
        </h1>
        <div
          class="flex items-center justify-center mt-6"
        >
          <img
            alt="qr"
            src="QR.png"
          />
        </div>
        <a
          class="btn btn-accent mt-6"
          href="https://www.paypal.com/donate/?hosted_button_id=4KLWNM5JWKJ4S"
          target="_blank"
        >
          mockTranslate(DONATE)
        </a>
      </div>
    </div>
  </body>,
  "container": <div>
    <div
      class="donation-tab mt-20"
    >
      <h1
        class="tect-center"
      >
        mockTranslate(SCAN_ON_DONATE)
      </h1>
      <div
        class="flex items-center justify-center mt-6"
      >
        <img
          alt="qr"
          src="QR.png"
        />
      </div>
      <a
        class="btn btn-accent mt-6"
        href="https://www.paypal.com/donate/?hosted_button_id=4KLWNM5JWKJ4S"
        target="_blank"
      >
        mockTranslate(DONATE)
      </a>
    </div>
  </div>,
  "debug": [Function],
  "findAllByAltText": [Function],
  "findAllByDisplayValue": [Function],
  "findAllByLabelText": [Function],
  "findAllByPlaceholderText": [Function],
  "findAllByRole": [Function],
  "findAllByTestId": [Function],
  "findAllByText": [Function],
  "findAllByTitle": [Function],
  "findByAltText": [Function],
  "findByDisplayValue": [Function],
  "findByLabelText": [Function],
  "findByPlaceholderText": [Function],
  "findByRole": [Function],
  "findByTestId": [Function],
  "findByText": [Function],
  "findByTitle": [Function],
  "getAllByAltText": [Function],
  "getAllByDisplayValue": [Function],
  "getAllByLabelText": [Function],
  "getAllByPlaceholderText": [Function],
  "getAllByRole": [Function],
  "getAllByTestId": [Function],
  "getAllByText": [Function],
  "getAllByTitle": [Function],
  "getByAltText": [Function],
  "getByDisplayValue": [Function],
  "getByLabelText": [Function],
  "getByPlaceholderText": [Function],
  "getByRole": [Function],
  "getByTestId": [Function],
  "getByText": [Function],
  "getByTitle": [Function],
  "queryAllByAltText": [Function],
  "queryAllByDisplayValue": [Function],
  "queryAllByLabelText": [Function],
  "queryAllByPlaceholderText": [Function],
  "queryAllByRole": [Function],
  "queryAllByTestId": [Function],
  "queryAllByText": [Function],
  "queryAllByTitle": [Function],
  "queryByAltText": [Function],
  "queryByDisplayValue": [Function],
  "queryByLabelText": [Function],
  "queryByPlaceholderText": [Function],
  "queryByRole": [Function],
  "queryByTestId": [Function],
  "queryByText": [Function],
  "queryByTitle": [Function],
  "rerender": [Function],
  "unmount": [Function],
}
`;
